../Core/Src/main.c:45:5:main	8	static
../Core/Src/main.c:73:6:SystemClock_Config	88	static
../Core/Src/main.c:135:13:MX_I2C1_Init	8	static
../Core/Src/main.c:169:13:MX_TIM2_Init	64	static
../Core/Src/main.c:228:13:MX_USART2_UART_Init	8	static
../Core/Src/main.c:259:13:MX_DMA_Init	16	static
../Core/Src/main.c:277:13:MX_GPIO_Init	48	static
../Core/Src/main.c:321:6:Motor_Rotate_To_Angle	72	static
../Core/Src/main.c:369:6:HAL_I2C_SlaveRxCpltCallback	16	static
../Core/Src/main.c:380:6:Error_Handler	4	static,ignoring_inline_asm
