../Core/Src/main.c:78:5:main	8	static
../Core/Src/main.c:136:6:SystemClock_Config	88	static
../Core/Src/main.c:184:13:MX_I2C1_Init	8	static
../Core/Src/main.c:218:13:MX_TIM2_Init	48	static
../Core/Src/main.c:267:13:MX_USART2_UART_Init	8	static
../Core/Src/main.c:298:13:MX_DMA_Init	16	static
../Core/Src/main.c:316:13:MX_GPIO_Init	48	static
../Core/Src/main.c:351:6:HAL_I2C_SlaveRxCpltCallback	72	static
../Core/Src/main.c:365:6:Servo_Set_Angle	24	static
../Core/Src/main.c:372:6:Servo_Angle	16	static
../Core/Src/main.c:387:6:Error_Handler	4	static,ignoring_inline_asm
