../Core/Src/main.c:73:5:main	16	static
../Core/Src/main.c:122:6:SystemClock_Config	88	static
../Core/Src/main.c:170:13:MX_I2C1_Init	8	static
../Core/Src/main.c:204:13:MX_USART2_UART_Init	8	static
../Core/Src/main.c:235:13:MX_DMA_Init	16	static
../Core/Src/main.c:253:13:MX_GPIO_Init	48	static
../Core/Src/main.c:288:6:HAL_I2C_AddrCallback	16	static
../Core/Src/main.c:301:6:HAL_I2C_SlaveRxCpltCallback	24	static
../Core/Src/main.c:315:6:HAL_I2C_ListenCpltCallback	16	static
../Core/Src/main.c:329:6:Error_Handler	4	static,ignoring_inline_asm
