../Core/Src/main.c:86:6:triggerUltrasonic	16	static
../Core/Src/main.c:94:6:HAL_TIM_IC_CaptureCallback	24	static
../Core/Src/main.c:115:6:UART_Send_Distance	72	static
../Core/Src/main.c:121:6:ULTRASONIC_Runnable	64	static
../Core/Src/main.c:158:5:main	8	static
../Core/Src/main.c:206:6:SystemClock_Config	88	static
../Core/Src/main.c:254:13:MX_TIM2_Init	48	static
../Core/Src/main.c:312:13:MX_USART2_UART_Init	8	static
../Core/Src/main.c:345:13:MX_GPIO_Init	48	static
../Core/Src/main.c:387:6:Error_Handler	4	static,ignoring_inline_asm
